// Jest Snapshot v1, https://goo.gl/fbAQLP

exports[`Error404Page snaptest 1`] = `
<div>
  <NavigationComponent />
  <h1>
    Page Not Found
  </h1>
</div>
`;
