// Jest Snapshot v1, https://goo.gl/fbAQLP

exports[`AnotherPage snaptest 1`] = `
<div>
  <NavigationComponent
    path="/another"
  />
  <div
    className="container"
  >
    <h1>
      Another PAge
    </h1>
  </div>
</div>
`;
